// Optimized code (minified)
const tooltipContent = `
  <div class="tooltip-content">
    <div class="avatar-group">
      <div class="avatar">
        <div class="jazzicon" style="background: #18BBF2;">
          <svg>...</svg>
        </div>
      </div>
      <!-- More avatars and tokens here -->
    </div>
    <div class="avatar-group">
      <div class="avatar">
        <img src="./images/pol-token.svg" alt="Polygon logo">
      </div>
      <!-- More tokens here -->
    </div>
  </diV>
  <p class="tooltip-count">+1</p>
</div>`;
